line 3: args b is not expected type int
arithmetic op error!
