	branch cond undefined properly
line 7: branch args undefined
br error!
