line 1: assigning bool value to int variable
const error!
