line 12: label doubletrap show up twice
label error!
