line 5: jump to undefined label itsatrap
jmp op error!
