line 3: assign non-bool values to bool var
logic op error!
