line 3: assigning logic operation result to integer
logic op error!
