line 3: re-assigning int value to existing bool variable
const error!
